
> breast-cancer-ai@0.0.1 test
> vitest --run


[1m[46m RUN [49m[22m [36mv4.0.18 [39m[90mD:/BreastCancerAI-2-portal-clean/frontend[39m

npm : [31mΓÄ»ΓÄ»ΓÄ»ΓÄ»ΓÄ»ΓÄ»[39m
[1m[41m Unhandled Errors [49m[
22m[31mΓÄ»ΓÄ»ΓÄ»ΓÄ»ΓÄ»ΓÄ»[39m
At line:1 char:1
+ npm run test -- --run > 
test_output.txt 2>&1 ; cat 
test_output.txt
+ ~~~~~~~~~~~~~~~~~~~~~~~~~~~~~~~~
~~~~~~~~~~~~
    + CategoryInfo          : Not 
   Specified: ([31mΓÄ»ΓÄ»ΓÄ»Γ..  
  .»ΓÄ»ΓÄ»ΓÄ»[39m:String) [],    
 RemoteException
    + FullyQualifiedErrorId : Nat 
   iveCommandError
 
[31m[1m
Vitest caught 1 unhandled error 
during the test run.
This might cause false positive 
tests. Resolve unhandled errors 
to make sure your tests are not 
affected.[22m[39m

[31mΓÄ»ΓÄ»ΓÄ»ΓÄ»ΓÄ»ΓÄ»[39m[1m[
41m Unhandled Error [49m[22m[31
mΓÄ»ΓÄ»ΓÄ»ΓÄ»ΓÄ»ΓÄ»ΓÄ»[39m
[31m[1mError[22m: 
[vitest-pool]: Failed to start 
forks worker for test files D:/Bre
astCancerAI-2-portal-clean/fronten
d/src/App.test.tsx.[39m
[90m [2mΓ¥»[22m node_modules/vi
test/dist/chunks/cli-api.B7PN_QUv.
js:[2m8046:94[22m[39m
[90m [2mΓ¥»[22m 
processTicksAndRejections node:int
ernal/process/task_queues:[2m95:5
[22m[39m
[90m [2mΓ¥»[22m Pool.schedule n
ode_modules/vitest/dist/chunks/cli
-api.B7PN_QUv.js:[2m8046:5[22m[
39m

[31m[1mCaused by: Error[22m: 
require() of ES Module D:\BreastCa
ncerAI-2-portal-clean\frontend\nod
e_modules\@exodus\bytes\encoding-l
ite.js from D:\BreastCancerAI-2-po
rtal-clean\frontend\node_modules\h
tml-encoding-sniffer\lib\html-enco
ding-sniffer.js not supported.
Instead change the require of 
encoding-lite.js in D:\BreastCance
rAI-2-portal-clean\frontend\node_m
odules\html-encoding-sniffer\lib\h
tml-encoding-sniffer.js to a 
dynamic import() which is 
available in all CommonJS 
modules.[39m
[90m [2mΓ¥»[22m 
Object.<anonymous> node_modules/ht
ml-encoding-sniffer/lib/html-encod
ing-sniffer.js:[2m2:41[22m[39m

[31m[2mΓÄ»ΓÄ»ΓÄ»ΓÄ»ΓÄ»ΓÄ»ΓÄ»ΓÄ»Γ
Ä»ΓÄ»ΓÄ»ΓÄ»ΓÄ»ΓÄ»ΓÄ»ΓÄ»ΓÄ»ΓÄ»ΓÄ»ΓÄ
»ΓÄ»ΓÄ»ΓÄ»ΓÄ»ΓÄ»ΓÄ»ΓÄ»ΓÄ»ΓÄ»ΓÄ»[2
2m[39m
[31m[1mSerialized 
Error:[22m[39m [90m{ code: 
'ERR_REQUIRE_ESM' }[39m
[31mΓÄ»ΓÄ»ΓÄ»ΓÄ»ΓÄ»ΓÄ»ΓÄ»ΓÄ»ΓÄ»ΓÄ
»ΓÄ»ΓÄ»ΓÄ»ΓÄ»ΓÄ»ΓÄ»ΓÄ»ΓÄ»ΓÄ»ΓÄ»ΓÄ»
ΓÄ»ΓÄ»ΓÄ»ΓÄ»ΓÄ»ΓÄ»ΓÄ»ΓÄ»ΓÄ»[39m


[2m Test Files [22m [2mno tests[22m
[2m      Tests [22m [2mno tests[22m
[2m     Errors [22m [1m[31m1 error[39m[22m
[2m   Start at [22m 09:32:31
[2m   Duration [22m 313ms[2m (transform 0ms, setup 0ms, import 0ms, tests 0ms, environment 0ms)[22m

